✓ Lockfile passes supply-chain policies (verified 7s ago)
Lockfile is up to date, resolution step is skipped
Already up to date

[ERR_PNPM_IGNORED_BUILDS] Ignored build scripts: esbuild@0.21.5, esbuild@0.28.0, sharp@0.34.5, unrs-resolver@1.12.2

Run "pnpm approve-builds" to pick which dependencies should be allowed to run scripts.
[ERROR] Command failed with exit code 1: pnpm install

pnpm: Command failed with exit code 1: pnpm install
    at getFinalError (file:///home/ubuntu/.nvm/versions/node/v22.13.0/lib/node_modules/pnpm/dist/pnpm.mjs:88983:14)
    at makeError (file:///home/ubuntu/.nvm/versions/node/v22.13.0/lib/node_modules/pnpm/dist/pnpm.mjs:91290:21)
    at getSyncResult (file:///home/ubuntu/.nvm/versions/node/v22.13.0/lib/node_modules/pnpm/dist/pnpm.mjs:93134:10)
    at spawnSubprocessSync (file:///home/ubuntu/.nvm/versions/node/v22.13.0/lib/node_modules/pnpm/dist/pnpm.mjs:93094:14)
    at execaCoreSync (file:///home/ubuntu/.nvm/versions/node/v22.13.0/lib/node_modules/pnpm/dist/pnpm.mjs:93024:23)
    at callBoundExeca (file:///home/ubuntu/.nvm/versions/node/v22.13.0/lib/node_modules/pnpm/dist/pnpm.mjs:95552:23)
    at boundExeca (file:///home/ubuntu/.nvm/versions/node/v22.13.0/lib/node_modules/pnpm/dist/pnpm.mjs:95529:49)
    at sync2 (file:///home/ubuntu/.nvm/versions/node/v22.13.0/lib/node_modules/pnpm/dist/pnpm.mjs:95684:14)
    at runPnpmCli (file:///home/ubuntu/.nvm/versions/node/v22.13.0/lib/node_modules/pnpm/dist/pnpm.mjs:252072:5)
    at runDepsStatusCheck (file:///home/ubuntu/.nvm/versions/node/v22.13.0/lib/node_modules/pnpm/dist/pnpm.mjs:253836:7)
